To github.com:Pires29/nba-dashboard.git
   f02be19..256831d  main -> main
To github.com:Pires29/nba-dashboard.git
   3f0710f..6d0942b  main -> main
To github.com:Pires29/nba-dashboard.git
   6d0942b..52c1b04  main -> main
To github.com:Pires29/nba-dashboard.git
   52c1b04..cf3106b  main -> main
To github.com:Pires29/nba-dashboard.git
   cf3106b..5a56af3  main -> main
To github.com:Pires29/nba-dashboard.git
   5a56af3..970d18c  main -> main
To github.com:Pires29/nba-dashboard.git
   970d18c..3986f32  main -> main
To github.com:Pires29/nba-dashboard.git
   3986f32..03b45e8  main -> main
To github.com:Pires29/nba-dashboard.git
   03b45e8..3f98553  main -> main
To github.com:Pires29/nba-dashboard.git
   3f98553..fb994c8  main -> main
To github.com:Pires29/nba-dashboard.git
   fb994c8..28b0657  main -> main
To github.com:Pires29/nba-dashboard.git
   28b0657..257725c  main -> main
To github.com:Pires29/nba-dashboard.git
   257725c..9fdcd7b  main -> main
To github.com:Pires29/nba-dashboard.git
   9fdcd7b..ef1ae85  main -> main
To github.com:Pires29/nba-dashboard.git
   ef1ae85..2ca4002  main -> main
To github.com:Pires29/nba-dashboard.git
   2ca4002..65ec9cc  main -> main
To github.com:Pires29/nba-dashboard.git
   65ec9cc..e5e246c  main -> main
To github.com:Pires29/nba-dashboard.git
   e5e246c..a7e3859  main -> main
To github.com:Pires29/nba-dashboard.git
   a7e3859..32bce35  main -> main
To github.com:Pires29/nba-dashboard.git
   32bce35..bae77ed  main -> main
To github.com:Pires29/nba-dashboard.git
   bae77ed..d7a27a4  main -> main
To github.com:Pires29/nba-dashboard.git
   d7a27a4..f0bdd0e  main -> main
To github.com:Pires29/nba-dashboard.git
   f0bdd0e..a14047e  main -> main
To github.com:Pires29/nba-dashboard.git
   06d64c5..53f12ee  main -> main
To github.com:Pires29/nba-dashboard.git
   53f12ee..c8ba04c  main -> main
To github.com:Pires29/nba-dashboard.git
   c8ba04c..71443ae  main -> main
To github.com:Pires29/nba-dashboard.git
   71443ae..8e69a27  main -> main
To github.com:Pires29/nba-dashboard.git
   8e8b843..f819f4d  main -> main
To github.com:Pires29/nba-dashboard.git
   f819f4d..b9c4f5e  main -> main
To github.com:Pires29/nba-dashboard.git
   b9c4f5e..bd3f296  main -> main
To github.com:Pires29/nba-dashboard.git
   bd3f296..5b73f99  main -> main
To github.com:Pires29/nba-dashboard.git
   39526d4..273cb66  main -> main
To github.com:Pires29/nba-dashboard.git
   008a91e..a36e70a  main -> main
To github.com:Pires29/nba-dashboard.git
   a36e70a..fea4c1e  main -> main
To github.com:Pires29/nba-dashboard.git
   a1bc0b4..316b8d7  main -> main
To github.com:Pires29/nba-dashboard.git
   0f8501d..10dba41  main -> main
/home/renato/Projetos/Renato/nba-dashboard/update_data.py:301: DeprecationWarning: ScoreboardV2 has known issues with line score data for 2025-26 season games (October 22 - December 25, 2025). Please use ScoreboardV3 instead. ScoreboardV3 is fully backward compatible and works for all historical seasons. See: https://github.com/swar/nba_api/issues/596
  scoreboard = scoreboardv2.ScoreboardV2(
🚀 NBA data pipeline — 2026-08-14 14:50:02
   Season: 2025-26 | Prev: 2024-25
   Output: /home/renato/Projetos/Renato/nba-dashboard/src/app/data

📊 Fetching player stats (totals)...

🏀 Fetching team stats (offense + defense)...

👥 Fetching rosters (one request per team)...
  [1/30] ATL: 24 players
  [2/30] BOS: 19 players
  [3/30] CLE: 17 players
  [4/30] NOP: 19 players
  [5/30] CHI: 16 players
  [6/30] DAL: 22 players
  [7/30] DEN: 19 players
  [8/30] GSW: 18 players
  [9/30] HOU: 20 players
  [10/30] LAC: 24 players
  [11/30] LAL: 19 players
  [12/30] MIA: 17 players
  [13/30] MIL: 22 players
  [14/30] MIN: 17 players
  [15/30] BKN: 17 players
  [16/30] NYK: 17 players
  [17/30] ORL: 17 players
  [18/30] IND: 17 players
  [19/30] PHI: 21 players
  [20/30] PHX: 19 players
  [21/30] POR: 19 players
  [22/30] SAC: 20 players
  [23/30] SAS: 18 players
  [24/30] OKC: 17 players
  [25/30] TOR: 20 players
  [26/30] UTA: 22 players
  [27/30] MEM: 22 players
  [28/30] WAS: 19 players
  [29/30] DET: 20 players
  [30/30] CHA: 22 players

📅 Fetching schedule (next 2 days)...
  08/14/2026: 0 games
  08/15/2026: 0 games

🏆 Fetching standings for 2025-26...

🏥 Fetching injuries (ESPN)...

🎮 Fetching regular season game logs (2025-26) in 1 request...
  📦 26651 total game log rows

🎮 Fetching regular season game logs (2024-25) in 1 request...
  📦 26306 total game log rows

🎮 Fetching playoffs game logs (2025-26) in 1 request...
  📦 1921 total game log rows

💾 Building output files...
  ✅ players.json (59.6 KB)
  ✅ teams.json (1.6 KB)
  ✅ rosters.json (33.9 KB)
  ✅ season_stats.json (83.5 KB)
  ✅ team_stats.json (18.6 KB)
  ✅ injuries.json (9.4 KB)
  ✅ schedule.json (0.0 KB)
  ✅ standings.json (8.6 KB)
  ✅ game_logs_current.json (7578.3 KB)
  ✅ game_logs_prev.json (7480.3 KB)
  ✅ game_logs_playoffs.json (547.9 KB)
  ✅ props.json (0.0 KB)

☁️  Uploading 768 player files to Storage...
  [50/768] players uploaded
  [100/768] players uploaded
  [150/768] players uploaded
  [200/768] players uploaded
  [250/768] players uploaded
  [300/768] players uploaded
  [350/768] players uploaded
  [400/768] players uploaded
  [450/768] players uploaded
  [500/768] players uploaded
  [550/768] players uploaded
  [600/768] players uploaded
  [650/768] players uploaded
  [700/768] players uploaded
  [750/768] players uploaded
  [768/768] players uploaded
✅ Storage version published: 20260814T135127Z

✅ Done in 122.2s (2.0 min)
   Files written to: /home/renato/Projetos/Renato/nba-dashboard/src/app/data
⚠️ Cleanup failed: HTTPConnectionPool(host='localhost', port=3000): Max retries exceeded with url: /api/favorites/cleanup (Caused by NewConnectionError("HTTPConnection(host='localhost', port=3000): Failed to establish a new connection: [Errno 111] Connection refused"))
[main 8c040ad] chore: atualizar dados NBA [2026-08-14]
 3 files changed, 3 insertions(+), 3 deletions(-)
To github.com:Pires29/nba-dashboard.git
   3cf8971..8c040ad  main -> main
/home/renato/Projetos/Renato/nba-dashboard/update_data.py:300: DeprecationWarning: ScoreboardV2 has known issues with line score data for 2025-26 season games (October 22 - December 25, 2025). Please use ScoreboardV3 instead. ScoreboardV3 is fully backward compatible and works for all historical seasons. See: https://github.com/swar/nba_api/issues/596
  scoreboard = scoreboardv2.ScoreboardV2(
🚀 NBA data pipeline — 2026-08-17 10:00:01
   Season: 2025-26 | Prev: 2024-25
   Local JSON fallback updates: disabled

📊 Fetching player stats (totals)...

🏀 Fetching team stats (offense + defense)...

👥 Fetching rosters (one request per team)...
  [1/30] ATL: 24 players
  [2/30] BOS: 19 players
  [3/30] CLE: 17 players
  [4/30] NOP: 19 players
  [5/30] CHI: 16 players
  [6/30] DAL: 22 players
  [7/30] DEN: 19 players
  [8/30] GSW: 18 players
  [9/30] HOU: 20 players
  [10/30] LAC: 24 players
  [11/30] LAL: 19 players
  [12/30] MIA: 17 players
  [13/30] MIL: 22 players
  [14/30] MIN: 17 players
  [15/30] BKN: 17 players
  [16/30] NYK: 17 players
  [17/30] ORL: 17 players
  [18/30] IND: 17 players
  [19/30] PHI: 21 players
  [20/30] PHX: 19 players
  [21/30] POR: 19 players
  [22/30] SAC: 20 players
  [23/30] SAS: 18 players
  [24/30] OKC: 17 players
  [25/30] TOR: 20 players
  [26/30] UTA: 22 players
  [27/30] MEM: 22 players
  [28/30] WAS: 19 players
  [29/30] DET: 20 players
  [30/30] CHA: 22 players

📅 Fetching schedule (next 2 days)...
  08/17/2026: 0 games
  08/18/2026: 0 games

🏆 Fetching standings for 2025-26...

🏥 Fetching injuries (ESPN)...

🎮 Fetching regular season game logs (2025-26) in 1 request...
  📦 26651 total game log rows

🎮 Fetching regular season game logs (2024-25) in 1 request...
  📦 26306 total game log rows

🎮 Fetching playoffs game logs (2025-26) in 1 request...
  📦 1921 total game log rows

💾 Building output files...

☁️  Uploading 768 player files to Storage...
  [50/768] players uploaded
  [100/768] players uploaded
  [150/768] players uploaded
  [200/768] players uploaded
  [250/768] players uploaded
  [300/768] players uploaded
  [350/768] players uploaded
  [400/768] players uploaded
  [450/768] players uploaded
  [500/768] players uploaded
  [550/768] players uploaded
  [600/768] players uploaded
  [650/768] players uploaded
  [700/768] players uploaded
  [750/768] players uploaded
  [768/768] players uploaded
✅ Storage version published: 20260817T090131Z
🧹 Removed old Storage version 20260814T114411Z (697 objects)

✅ Done in 136.7s (2.3 min)
   Active data source: Supabase Storage
ℹ️ Favorites cleanup skipped: no deployed app URL configured
